// Jest Snapshot v1, https://goo.gl/fbAQLP

exports[`matches the snapshot 1`] = `
<DocumentFragment>
  <div
    class="App"
  >
    <div
      class="TodoList"
    >
      <h1>
        My Todo List
      </h1>
      <div
        class="TodoList-form-div"
      >
        <form>
          <label
            for="todo"
          >
            Add a new task:
          </label>
          <input
            id="todo"
            name="todo"
            type="text"
            value=""
          />
          <button>
            Add Task
          </button>
        </form>
      </div>
      <div
        class="TodoList-ul"
      >
        <ul
          data-testid="list"
        />
      </div>
    </div>
  </div>
</DocumentFragment>
`;
